[2026-08-14 00:01:00] [COG] [STEP-1] [START] 读取 js-cognitive-framework.md（v1.1，秘书改过的版本）和 CONSTITUTION.md 第十章
[2026-08-14 00:01:05] [COG] [STEP-1] [DONE] 两个文件已读取。js-cognitive-framework.md 共217行，宪法第十章确认COG职责：验证入库/整理提纯/联网搜索，秘书只负责识别和派发
[2026-08-14 00:02:00] [COG] [STEP-2] [START] 逐项验证秘书7项修改
[2026-08-14 00:02:10] [COG] [STEP-2] [DONE] 验证完成。3项正确（维护者/管理规则/使用次数），4项有问题（联网不完整/术语混用+格式错误/冲突规则缺COG职责/新角度待验证）
[2026-08-14 00:02:30] [COG] [STEP-3] [START] 修复问题：版本号v1.1→v1.2
[2026-08-14 00:02:35] [COG] [STEP-3] [DONE] 文件头已更新，追加v1.2变更记录
[2026-08-14 00:03:00] [COG] [STEP-4] [START] 修复5个未用角度效果记录（ANGLE-002/006/007/012/013）
[2026-08-14 00:03:10] [COG] [STEP-4] [DONE] 5个角度效果记录从"待验证（首次入库未验证）"改为"无发现（未使用，待观察）"
[2026-08-14 00:03:30] [COG] [STEP-5] [START] 修复ANGLE-015效果记录术语
[2026-08-14 00:03:35] [COG] [STEP-5] [DONE] 补注说明秘书原标"待验证"已修正为"待观察"
[2026-08-14 00:04:00] [COG] [STEP-6] [START] 验证4个新角度（016时间维度/017反面论证/018成本效益/019可逆性）
[2026-08-14 00:04:10] [COG] [STEP-6] [RESEARCH] ANGLE-016时间维度对应方法论：长期思维/二阶效应/技术债务管理。验证案例：v1.0没考虑长期→改了9版。能发现问题，通过
[2026-08-14 00:04:15] [COG] [STEP-6] [RESEARCH] ANGLE-017反面论证对应方法论：魔鬼代言人/可证伪性/红队思维。验证案例：假设角度库没用→发现缺使用验证机制。能发现问题，通过
[2026-08-14 00:04:20] [COG] [STEP-6] [RESEARCH] ANGLE-018成本效益对应方法论：成本效益分析/ROI/奥卡姆剃刀。验证案例：四层防糊弄太重→小项目成本太高。能发现问题，通过
[2026-08-14 00:04:25] [COG] [STEP-6] [RESEARCH] ANGLE-019可逆性对应方法论：可逆/不可逆决策（贝索斯Type1/Type2）。验证案例：删角度→备份够不够。能发现问题，通过
[2026-08-14 00:04:30] [COG] [STEP-6] [DONE] 4个新角度全部验证通过，无需联网搜索（方法论均为成熟概念，已有充分理解）
[2026-08-14 00:05:00] [COG] [STEP-7] [START] 将4个新角度从"待验证"区移入正式清单
[2026-08-14 00:05:10] [COG] [STEP-7] [DONE] ANGLE-016/017/018/019已移入正式清单，补使用次数（0）和效果记录字段，标题去掉"（待验证）"，验证案例标注"COG验证通过"
[2026-08-14 00:05:15] [COG] [STEP-7] [DONE] 待验证区已清空，标注"当前无待验证角度"
[2026-08-14 00:05:30] [COG] [STEP-8] [START] 修复管理规则三处：标记低频术语/联网规则补全/冲突解决补COG职责
[2026-08-14 00:05:40] [COG] [STEP-8] [DONE] 标记低频"待验证"→"待观察"；联网补"秘书派发时要求联网"触发条件；冲突解决补"结构性冲突由COG合并"
[2026-08-14 00:06:00] [COG] [STEP-9] [START] 校验修复后文件完整性
[2026-08-14 00:06:05] [COG] [STEP-9] [DONE] 文件共229行，19个角度全部在正式清单，编号连续001-019，格式统一，管理规则5项完整
[2026-08-14 00:06:10] [COG] [STEP-10] [START] 写产出文件：status/cog-done.md + logs + memory/js-cognitive.md
[2026-08-14 00:06:30] [COG] [STEP-10] [DONE] 三个产出文件已写入
[2026-08-14 00:06:35] [COG] [FINAL] 角度库v1.2修复完成。19个正式角度，待验证区空。产出：memory/js-cognitive-framework.md、status/cog-done.md、logs/2026-08-14/js-cognitive.log、memory/js-cognitive.md

[2026-08-14 08:15:00] [COG] [STEP-1] [START] 读取角度库v1.2、认知记忆js-cognitive.md、cog-done.md、js-cognitive.log，确认当前状态。创建.archive目录
[2026-08-14 08:15:10] [COG] [STEP-1] [DONE] 文件已读取。验证3个问题全部属实：①ANGLE-014效果记录"待COG验证"过时（016-019已验证通过）；②ANGLE-015效果记录塞术语注释违反大白话；③管理规则缺修改前备份。.archive目录已创建
[2026-08-14 08:15:30] [COG] [STEP-2] [START] 按新规则备份v1.2到.archive
[2026-08-14 08:15:35] [COG] [STEP-2] [DONE] 备份完成：cognitive-framework-2026-08-14-v1.2.md。diff验证与原文件一致（229行，字节级一致）
[2026-08-14 08:16:00] [COG] [STEP-3] [START] 修复3个问题：ANGLE-014效果记录/ANGLE-015效果记录/管理规则新增修改前备份
[2026-08-14 08:16:10] [COG] [STEP-3] [WARN] 并行编辑同一文件导致管理规则"修改前备份"修改被竞态覆盖丢失（ANGLE-014/015修改保留）
[2026-08-14 08:16:20] [COG] [STEP-3] [FIX] 重新单独应用"修改前备份"修改，读取验证通过
[2026-08-14 08:16:25] [COG] [STEP-3] [DONE] 三处修复全部验证通过：①ANGLE-014"已由COG验证通过入库"；②ANGLE-015改大白话一句话；③管理规则新增"### 修改前备份"小节
[2026-08-14 08:16:40] [COG] [STEP-4] [START] 更新文件头：版本号v1.2->v1.3，追加v1.3变更记录
[2026-08-14 08:16:45] [COG] [STEP-4] [DONE] 文件头已更新，v1.3变更记录已追加
[2026-08-14 08:17:00] [COG] [STEP-5] [START] 写产出文件：status/cog-done.md追加/logs追加/memory/js-cognitive.md追加
[2026-08-14 08:17:20] [COG] [STEP-5] [DONE] 三个产出文件已追加写入
[2026-08-14 08:17:25] [COG] [FINAL] 角度库v1.3修复完成。3个问题全部修复，修改前已备份v1.2。版本v1.3，19个正式角度不变
[2026-08-14 09:00:00] [COG] [STEP-1] [START] 读取角度库v1.3、认知记忆js-cognitive.md、cog-done.md、js-cognitive.log，确认当前状态
[2026-08-14 09:00:10] [COG] [STEP-1] [DONE] 文件已读取。验证5个问题全部属实：①ANGLE-001/009/010效果记录美化违规过程；②"修正角度"规则与实际脱节；③使用次数无更新机制；④变更记录无归档；⑤"串行修改"候选未落档
[2026-08-14 09:00:30] [COG] [STEP-2] [START] 按规则备份v1.3到.archive
[2026-08-14 09:00:35] [COG] [STEP-2] [DONE] 备份完成：cognitive-framework-2026-08-14-v1.3.md，diff验证字节一致（234行）
[2026-08-14 09:01:00] [COG] [STEP-3] [START] 串行修复5个问题（一处一改，不并行——应用ANGLE-020串行修改）
[2026-08-14 09:01:10] [COG] [STEP-3] [DONE] 问题1：ANGLE-001/009/010效果记录改为如实反映"秘书违规自修→COG验证发现5处改错→COG修复"
[2026-08-14 09:01:20] [COG] [STEP-3] [DONE] 问题2：管理规则"修正角度"改为统一写文件头（选改规则，理由：角度描述只反映当前状态+文件头集中配合归档可追溯+实际一直这么做成本最低）
[2026-08-14 09:01:30] [COG] [STEP-3] [DONE] 问题3：新增"使用次数更新"规则（秘书在ms-standin-review.md标编号，COG统计次数，防糊弄）
[2026-08-14 09:01:40] [COG] [STEP-3] [DONE] 问题4：新增"变更记录归档"规则（超5条归档最早的到changelog.md）
[2026-08-14 09:01:50] [COG] [STEP-3] [DONE] 问题5：待验证区记录"串行修改"候选，COG验证通过（验证案例真实有效，能发现竞态覆盖问题），入库为ANGLE-020
[2026-08-14 09:02:00] [COG] [STEP-4] [START] 更新文件头：版本号v1.3->v1.4，追加v1.4变更记录
[2026-08-14 09:02:10] [COG] [STEP-4] [DONE] 文件头已更新，v1.4变更记录已追加（本轮4条未超5条未触发归档）
[2026-08-14 09:02:30] [COG] [STEP-5] [START] 读一遍验证全部改对
[2026-08-14 09:02:40] [COG] [STEP-5] [DONE] 文件共266行，20个正式角度（001-020）编号连续格式统一，管理规则7项完整，5处修改全部到位，无丢失
[2026-08-14 09:03:00] [COG] [STEP-6] [START] 写产出文件：status/cog-done.md追加/logs追加/memory/js-cognitive.md追加
[2026-08-14 09:03:20] [COG] [STEP-6] [DONE] 三个产出文件已追加写入
[2026-08-14 09:03:25] [COG] [FINAL] 角度库v1.4修复完成。5个问题全部修复，修改前已备份v1.3。版本v1.4，20个正式角度（新增ANGLE-020串行修改），管理规则7项。本轮5处修改全程串行无丢失（ANGLE-020首次应用验证有效）

[2026-08-14 10:00:00] [COG] [STEP-1] [START] 读取角度库v1.4、issues.md、js-cognitive.log、js-cognitive.md、cog-done.md，确认当前状态。创建v1.4备份
[2026-08-14 10:00:10] [COG] [STEP-1] [DONE] 全部文件已读取。角度库v1.4共266行，20个正式角度，管理规则7项。issues.md仅有表头无待办。已备份v1.4到.archive，diff验证字节一致（BACKUP_OK）
[2026-08-14 10:00:30] [COG] [STEP-2] [START] 执行6项改进：P1给20角度打标签/P2验证标准清单/P3自审记录要求/P4整理触发/P6识别复核/P7角度效果反馈
[2026-08-14 10:00:40] [COG] [STEP-2] [PLAN] 采用单次原子写入（Write整文件）执行所有修改——同一文件多处修改一次写入，从根本消除并行竞态（ANGLE-020串行修改的极端形式）
[2026-08-14 10:01:00] [COG] [STEP-2] [DONE] 单次原子写入完成。20个角度全部加领域标签（通用）+功能标签。管理规则新增5个小节。版本号v1.4->v1.5，追加v1.5变更记录
[2026-08-14 10:01:10] [COG] [STEP-3] [START] 验证修改正确性
[2026-08-14 10:01:15] [COG] [STEP-3] [DONE] grep验证：领域标签=20个、功能标签=20个。功能标签分布：决策前校验11/执行中监控4/事后复盘1/体系自检4=20。新增5个###小节全部在位（识别复核/验证标准清单/自审记录要求/角度效果反馈/整理触发）。版本号v1.5确认
[2026-08-14 10:01:30] [COG] [STEP-4] [START] issues.md追加4条暂缓项
[2026-08-14 10:01:35] [COG] [STEP-4] [DONE] issues.md末尾追加"认知框架待办（暂缓项）"：CF-TODO-001检索流程/CF-TODO-002质量指标/CF-TODO-003漏报缓解/CF-TODO-004季度外部抽样复核
[2026-08-14 10:01:40] [COG] [STEP-4] [NOTE] P4"50个"在v1.4中不存在——v1.4无"整理触发"规则，无阈值。直接新增整理触发小节写入新阈值（≥30或增长≥30%），标记低频首句加交叉引用
[2026-08-14 10:02:00] [COG] [STEP-5] [START] 写产出文件：cog-done.md追加/js-cognitive.log追加/memory/js-cognitive.md追加
[2026-08-14 10:02:20] [COG] [STEP-5] [DONE] 三个产出文件已追加写入
[2026-08-14 10:02:25] [COG] [FINAL] 角度库v1.5改进完成。6项改进全部执行（P1标签/P2验证清单/P3自审记录/P4整理触发/P6识别复核/P7效果反馈），4条暂缓项追加到issues.md。版本v1.5，20个正式角度不变（打标签），管理规则7->12项。修改前已备份v1.4，可逆

[2026-08-14 11:00:00] [COG] [STEP-1] [START] 读取角度库v1.5、cog-done.md、js-cognitive.log、js-cognitive.md，确认当前状态。任务：新增"系统性偏差检查"小节
[2026-08-14 11:00:10] [COG] [STEP-1] [DONE] 全部文件已读取。角度库v1.5共346行，20个正式角度，管理规则12项。"角度效果反馈"小节在第308行，其后是"整理触发"。确认插入位置
[2026-08-14 11:00:30] [COG] [STEP-2] [START] 按规则备份v1.5到.archive
[2026-08-14 11:00:35] [COG] [STEP-2] [DONE] 备份完成：cognitive-framework-2026-08-14-v1.5.md。diff验证字节一致（346行，BACKUP_OK）
[2026-08-14 11:01:00] [COG] [STEP-3] [START] 串行修改js-cognitive-framework.md（一处一改，不并行——应用ANGLE-020）
[2026-08-14 11:01:10] [COG] [STEP-3] [DONE] 修改1：版本号v1.5->v1.6
[2026-08-14 11:01:20] [COG] [STEP-3] [DONE] 修改2：移除v1.1变更记录（准备归档到changelog.md）
[2026-08-14 11:01:30] [COG] [STEP-3] [DONE] 修改3：追加v1.6变更记录（首次写"触发4项预警"）
[2026-08-14 11:01:40] [COG] [STEP-3] [DONE] 修改4：在"角度效果反馈"后插入"系统性偏差检查"小节（5维度表+4条执行要求，内容按任务指定）
[2026-08-14 11:01:50] [COG] [STEP-3] [VERIFY] 读回验证：版本v1.6确认、新小节在第314行（角度效果反馈后、整理触发前）、变更记录v1.2-v1.6共5条（v1.1已移除）
[2026-08-14 11:02:00] [COG] [STEP-3] [WARN] 验证数据时发现预警计数有误：功能分布最高占比55%（决策前校验11/20），预警标准是>60%，55%未超阈值不应算预警。初始写了"触发4项预警"错误
[2026-08-14 11:02:10] [COG] [STEP-3] [FIX] 修正v1.6变更记录：4项预警->3项预警，功能分布改为"未触发但接近阈值"
[2026-08-14 11:02:20] [COG] [STEP-3] [DONE] 全部修改完成，读回验证无误
[2026-08-14 11:02:30] [COG] [STEP-4] [START] 变更记录归档：文件头达6条（v1.2-v1.6）超5条上限
[2026-08-14 11:02:35] [COG] [STEP-4] [DONE] 创建.archive/js-cognitive-framework-changelog.md，v1.1记录归档到此文件。文件头保留5条（v1.2-v1.6）
[2026-08-14 11:03:00] [COG] [STEP-5] [START] 写产出文件：cog-done.md追加/js-cognitive.log追加/memory/js-cognitive.md追加
[2026-08-14 11:03:20] [COG] [STEP-5] [DONE] 三个产出文件已追加写入
[2026-08-14 11:03:25] [COG] [FINAL] 角度库v1.6改进完成。新增"系统性偏差检查"小节（面层面检查，与P7点层面互补）。首次检查触发3项预警（来源分布100%内部/视角分布单一/覆盖盲区缺5类维度），2项未触发（功能分布55%接近阈值/证伪记录暂无数据）。版本v1.6，20个角度不变，管理规则12->13项。变更记录6条超限，v1.1归档到changelog.md，文件头保留5条。修改前已备份v1.5，可逆。串行SearchReplace执行无丢失（呼应ANGLE-020）

[2026-08-14 12:00:00] [COG] [STEP-1] [START] 读取角度库v1.6、cog-done.md、js-cognitive.log、js-cognitive.md、changelog.md，确认当前状态。任务：在"系统性偏差检查"小节追加"走岔了检测"规则
[2026-08-14 12:00:10] [COG] [STEP-1] [DONE] 全部文件已读取。角度库v1.6共365行，20个正式角度，管理规则13项。"系统性偏差检查"小节末尾"与P7互补"行后是"整理触发"。文件头变更记录5条（v1.2-v1.6）
[2026-08-14 12:00:30] [COG] [STEP-2] [START] 按规则备份v1.6到.archive
[2026-08-14 12:00:35] [COG] [STEP-2] [DONE] 备份完成：cognitive-framework-2026-08-14-v1.6.md（BACKUP_OK）
[2026-08-14 12:01:00] [COG] [STEP-3] [START] 串行修改js-cognitive-framework.md（一处一改，不并行——应用ANGLE-020）
[2026-08-14 12:01:10] [COG] [STEP-3] [DONE] 修改1：在"系统性偏差检查"小节"与P7互补"行后插入"走岔了检测"4条规则（位置：P7互补行后、整理触发前）
[2026-08-14 12:01:20] [COG] [STEP-3] [DONE] 修改2：版本号v1.6->v1.7
[2026-08-14 12:01:30] [COG] [STEP-3] [DONE] 修改3：移除v1.2变更记录（准备归档到changelog.md）
[2026-08-14 12:01:40] [COG] [STEP-3] [DONE] 修改4：追加v1.7变更记录（按任务指定措辞写入）
[2026-08-14 12:01:45] [COG] [STEP-3] [VERIFY] 读回验证：版本v1.7确认、走岔了检测4条规则完整在位（P7互补行后整理触发前）、文件头变更记录5条（v1.3-v1.7）
[2026-08-14 12:01:50] [COG] [STEP-3] [WARN] 发现v1.6与v1.7变更记录间多一个空行，其他记录间连续无空行，格式不一致
[2026-08-14 12:01:55] [COG] [STEP-3] [FIX] 修正空行：去掉v1.6与v1.7间多余空行，格式与其他记录一致
[2026-08-14 12:02:00] [COG] [STEP-3] [DONE] 全部修改完成，读回验证无误
[2026-08-14 12:02:30] [COG] [STEP-4] [START] 变更记录归档：文件头达6条（v1.2-v1.6+v1.7）超5条上限
[2026-08-14 12:02:35] [COG] [STEP-4] [DONE] v1.2记录归档到changelog.md（v1.1后追加v1.2，按时间顺序旧在上新在下）。文件头保留5条（v1.3-v1.7）
[2026-08-14 12:03:00] [COG] [STEP-5] [START] 写产出文件：cog-done.md追加/js-cognitive.log追加/memory/js-cognitive.md追加
[2026-08-14 12:03:20] [COG] [STEP-5] [DONE] 三个产出文件已追加写入
[2026-08-14 12:03:25] [COG] [FINAL] 角度库v1.7改进完成。"走岔了检测"规则已追加到系统性偏差检查小节末尾（4条：秘书查该有但没有/Explore独立查/≥2个触发强制联网/记录到standin-review）。用外部锚点（项目实际+Explore独立视角）打断"自己查自己"的内部循环。版本v1.7，20个角度不变，管理规则13项（系统性偏差检查小节内追加规则块未新增小节）。变更记录6条超限，v1.2归档到changelog.md，文件头保留5条。修改前已备份v1.6到.archive，可逆。串行SearchReplace执行无丢失（呼应ANGLE-020）

[2026-08-14 13:00:00] [COG] [STEP-1] [START] 读取角度库v1.7、cog-done.md、js-cognitive.log、js-cognitive.md、changelog.md、CONSTITUTION.md第十章、templates/js-cognitive.md，确认当前状态。任务：自动进化引擎8项改动落地
[2026-08-14 13:00:10] [COG] [STEP-1] [DONE] 全部文件已读取。角度库v1.7共374行，20个正式角度，管理规则13项。文件头变更记录5条（v1.3-v1.7）。发现字段位置矛盾（见STEP-3）
[2026-08-14 13:00:30] [COG] [STEP-2] [START] 按规则备份v1.7到.archive
[2026-08-14 13:00:35] [COG] [STEP-2] [DONE] 备份完成：cognitive-framework-2026-08-14-v1.7.md，diff验证字节一致（374行，BACKUP_OK_IDENTICAL）
[2026-08-14 13:01:00] [COG] [STEP-3] [WARN] 发现字段位置矛盾：任务1要求"效果记录后面、领域标签前面"，但v1.7字段顺序是领域标签在效果记录前面，两锚点不可同时满足。裁决：放效果记录后面（角度末尾），尊重可达成且语义贴合的锚点。详见cog-done.md第三节
[2026-08-14 13:01:10] [COG] [STEP-3] [WARN] 9个角度（002/006/007/012/013/016/017/018/019）效果记录行完全相同，逐角度SearchReplace无法唯一定位。按v1.5先例（MEM-COG-004）采用单次原子写入落地全部8项改动
[2026-08-14 13:02:00] [COG] [STEP-4] [START] 单次原子写入js-cognitive-framework.md，落地8项改动（v1.5先例：串行修改的极端形式，消除竞态）
[2026-08-14 13:02:30] [COG] [STEP-4] [DONE] 原子写入完成。版本v1.7->v1.8
[2026-08-14 13:03:00] [COG] [STEP-5] [START] 整文件读回逐项验证8项改动
[2026-08-14 13:03:10] [COG] [STEP-5] [VERIFY] 可证伪条件字段=20角度齐（grep 23=20角度+验证清单item5+v1.8记录2处）
[2026-08-14 13:03:15] [COG] [STEP-5] [VERIFY] 8个具体可证伪条件全部到位（001连续10次/004连续5次模糊/008连续5次不验证/016短期无隐患/017连续10次不做/018资源无限/019全可逆无回滚/020连续3次并行无丢失）
[2026-08-14 13:03:20] [COG] [STEP-5] [VERIFY] 12个待补=12（002/003/005/006/007/009/010/011/012/013/014/015）
[2026-08-14 13:03:25] [COG] [STEP-5] [VERIFY] 验证标准清单5项（含对立假设验证+可证伪条件验证），"五项硬指标"在位
[2026-08-14 13:03:30] [COG] [STEP-5] [VERIFY] 标记低频小节已移除，替换为零使用角度判定规则+老化检查+归档条件3个小节
[2026-08-14 13:03:35] [COG] [STEP-5] [VERIFY] 系统边界声明+死循环防护在管理规则末尾（角度间冲突解决后）在位
[2026-08-14 13:03:40] [COG] [STEP-5] [VERIFY] 新增角度双路径（自动路径+手动路径）+6步流程在位
[2026-08-14 13:03:45] [COG] [STEP-5] [VERIFY] 版本v1.8确认，文件头变更记录5条（v1.4-v1.8），v1.3已移出
[2026-08-14 13:03:50] [COG] [STEP-5] [VERIFY] 20个角度编号连续001-020，待验证区+系统性偏差检查+走岔了检测+整理触发等既有内容完整未损
[2026-08-14 13:04:00] [COG] [STEP-5] [DONE] 8项改动全部验证通过
[2026-08-14 13:04:30] [COG] [STEP-6] [START] 变更记录归档：文件头达6条（v1.3-v1.7+v1.8）超5条上限
[2026-08-14 13:04:35] [COG] [STEP-6] [DONE] v1.3记录归档到changelog.md（v1.2后追加v1.3，旧在上新在下）。文件头保留5条（v1.4-v1.8）
[2026-08-14 13:05:00] [COG] [STEP-7] [START] 写产出文件：cog-done.md追加/js-cognitive.log追加/memory/js-cognitive.md追加
[2026-08-14 13:05:30] [COG] [STEP-7] [DONE] 三个产出文件已追加写入
[2026-08-14 13:05:35] [COG] [FINAL] 角度库v1.8改进完成。自动进化引擎8项改动全部落地：角度字段加可证伪条件（8补/12待补）/验证标准3→5项/标记低频→零使用判定规则+老化检查+归档条件/系统边界声明/死循环防护/新增角度双路径。版本v1.8，20角度不变（只加字段）。修改前已备份v1.7，可逆。v1.3归档到changelog.md，文件头保留5条。原子写入+读回验证无丢失（呼应ANGLE-020）

[2026-08-14 14:00:00] [COG] [META-AUDIT] [START] 角度库v2.2全面自审（闭环7元闭环执行，老板手动派发）
[2026-08-14 14:00:10] [COG] [META-AUDIT] [STEP-1] 读取角度库v2.2全文（490行，20角度+全部管理规则）、js-cognitive.md记忆（MEM-COG-001~010）
[2026-08-14 14:00:20] [COG] [META-AUDIT] [STEP-2] 读取宪法第十章（10.1-10.11）和第十一章（11.1-11.9），交叉比对与角度库规则一致性
[2026-08-14 14:00:30] [COG] [META-AUDIT] [STEP-3] 读取8个数据文件：js-dispatch-counter.md（计数器全0）/evolution-health.md（无检查记录）/coverage-gaps.md（空）/angle-proposals.md（空）/angle-feedback.md（格式损坏）/gray-areas.md（无记录）/standard-changes.md（v1.0无变更）/cog-done.md（有v1.1-v1.8记录，缺v1.9-v2.2）
[2026-08-14 14:00:40] [COG] [META-AUDIT] [STEP-4] 读取辅助文件：dashboard.md（版本过时v2.0）/ms-standin-review.md（格式损坏）/issues.md（9条TODO）
[2026-08-14 14:01:00] [COG] [META-AUDIT] [STEP-5] 验证Schedule定时任务状态——list确认为0个定时任务（v2.2已删除全部定时任务）
[2026-08-14 14:01:10] [COG] [META-AUDIT] [STEP-6] Grep搜索"整理周期"——17处引用但0处定义，确认未定义
[2026-08-14 14:01:20] [COG] [META-AUDIT] [STEP-7] Grep搜索宪法10.7旧规则——确认"50个"vs角度库"30个"、"删除"vs角度库"归档"矛盾
[2026-08-14 14:02:00] [COG] [META-AUDIT] [ANALYSIS] 从8维度逐项审查：7条闭环完整性/执行保证机制/5项硬标准/20角度质量/管理规则矛盾/数据文件可用性/自动进化引擎自洽性/不用不查原则
[2026-08-14 14:10:00] [COG] [META-AUDIT] [FINDING] 发现20个问题（6高/8中/6低）
[2026-08-14 14:10:10] [COG] [META-AUDIT] [FINDING-HIGH] 问题1：交叉验证跳过检测公式逻辑错误——活动总次数是5类活动并集，减去自审次数得到的是"非自审活动"不是"跳过自审"
[2026-08-14 14:10:15] [COG] [META-AUDIT] [FINDING-HIGH] 问题2：js-dispatch-counter.md文件头"每5次"与触发规则">=10"直接矛盾
[2026-08-14 14:10:20] [COG] [META-AUDIT] [FINDING-HIGH] 问题3："不用不查"+删除全部定时任务=体系静默死亡无兜底，违背11.1原则1
[2026-08-14 14:10:25] [COG] [META-AUDIT] [FINDING-HIGH] 问题4："整理周期"未定义且20角度下整理永不触发，所有周期规则失效
[2026-08-14 14:10:30] [COG] [META-AUDIT] [FINDING-HIGH] 问题5：宪法10.7与角度库多处矛盾（50vs30/删除vs归档/模板过时）
[2026-08-14 14:10:35] [COG] [META-AUDIT] [FINDING-MED] 问题6：死循环防护两规则自相矛盾（连续3次打回不可达）
[2026-08-14 14:10:40] [COG] [META-AUDIT] [FINDING-MED] 问题7-14：闭环5无数据文件/5项标准非全机械/12角度可证伪条件待补无触发/两文件格式损坏/证伪标注位置矛盾/cog-done缺v1.9-v2.2/dashboard版本过时/宪法模板过时
[2026-08-14 14:10:45] [COG] [META-AUDIT] [FINDING-LOW] 问题15-20：走岔了检测不同步/检查清单矛盾/半自动非全自动/ANGLE-009/010冲突未解决/ANGLE-017循环论证/闭环7修复能力有限
[2026-08-14 14:11:00] [COG] [META-AUDIT] [CONFIRM-OK] 确认无问题：20角度描述质量/5项标准框架/备份机制/归档机制/ANGLE-020闭环/灰色地带流程/证伪角度3分支/系统边界/8文件预创建/保守原则一致性
[2026-08-14 14:12:00] [COG] [META-AUDIT] [WRITE] 自审报告写入cog-done.md（20问题+10确认无问题+总结）
[2026-08-14 14:12:30] [COG] [META-AUDIT] [WRITE] 总结追加js-cognitive.md（MEM-COG-011）
[2026-08-14 14:12:40] [COG] [META-AUDIT] [WRITE] 日志追加js-cognitive.log
[2026-08-14 14:12:50] [COG] [META-AUDIT] [FINAL] 角度库v2.2自审完成。发现20个问题（6高/8中/6低），确认10项无问题。最关键：跳过检测公式错误/静默死亡风险/整理周期未定义。报告写入cog-done.md，总结写入js-cognitive.md，日志写入js-cognitive.log。建议优先修复6个高严重度问题后用真实项目验证。注：本次meta-audit由老板手动派发，非计数触发（计数器为0）——这本身就验证了问题3（不用不查下meta-audit不会自动触发）

[2026-08-14 15:00:00] [COG] [FIX-PLAN] [START] 为角度库v2.2自审发现的20个问题编写详细修复方案（老板派发）
[2026-08-14 15:00:10] [COG] [FIX-PLAN] [STEP-1] 读取cog-done.md自审报告（第572行起20个问题）、js-cognitive-framework.md角度库v2.2全文（490行）、CONSTITUTION.md第十章+第十一章（764-1056行）、js-dispatch-counter.md（54行）
[2026-08-14 15:00:20] [COG] [FIX-PLAN] [STEP-1] 读取数据文件确认格式问题：angle-feedback.md（格式损坏-缺记录格式标题+孤立```标记）、ms-standin-review.md（同上）、dashboard.md（版本v2.0过时）、evolution-health.md、coverage-gaps.md、angle-proposals.md（后两者格式正确作为对比参考）、js-cognitive.md（MEM-COG-001~011）
[2026-08-14 15:01:00] [COG] [FIX-PLAN] [STEP-2] 确定20个问题的优先级分类：P0=3个（问题1/3/4）、P1=8个（问题2/5/6/7/9/10/11/14）、P2=9个（问题8/12/13/15/16/17/18/19/20）
[2026-08-14 15:01:10] [COG] [FIX-PLAN] [NOTE] 修正自审报告计数错误：自审总结写"6个高严重度"实际为5高/9中/6低。在修复方案优先级分类处注明修正
[2026-08-14 15:02:00] [COG] [FIX-PLAN] [STEP-3] 串行追加修复方案到cog-done.md（三批SearchReplace，呼应ANGLE-020）
[2026-08-14 15:02:10] [COG] [FIX-PLAN] [STEP-3] [BATCH-1] 追加标题+优先级分类+问题1-7修复方案。问题1(P0跳过检测公式)引入"任务派发次数""任务返回次数"两个新计数器替换错误公式；问题3(P0静默死亡)恢复心跳检测定时任务；问题4(P0整理周期)定义90天上限
[2026-08-14 15:02:20] [COG] [FIX-PLAN] [STEP-3] [BATCH-2] 追加问题8-14修复方案。问题10修格式损坏、问题11统一证伪标注到angle-feedback.md、问题14更新宪法10.3模板补3字段
[2026-08-14 15:02:30] [COG] [FIX-PLAN] [STEP-3] [BATCH-3] 追加问题15-20修复方案+修复方案总结（优先级分布/依赖关系/方案本身的坑/建议执行顺序）
[2026-08-14 15:03:00] [COG] [FIX-PLAN] [STEP-4] 追加总结到js-cognitive.md（MEM-COG-012）
[2026-08-14 15:03:10] [COG] [FIX-PLAN] [STEP-5] 追加日志到js-cognitive.log
[2026-08-14 15:03:20] [COG] [FIX-PLAN] [FINAL] 20个问题修复方案编写完成。P0=3/P1=8/P2=9。每个方案具体到"改哪个文件哪段内容从什么改成什么"+风险+自验方法。识别5个方案本身的坑（问题1循环依赖/问题3狼来了/问题4人为折中值/问题5+14需老板批准/问题6匹配键设计）。修复方案写入cog-done.md，总结写入js-cognitive.md，日志写入js-cognitive.log。建议先修P0三个问题（问题1→问题4→问题3），修完后用真实项目跑一遍完整闭环验证
